2024-04-02 08:59:59,019 - root - INFO - 2024-04-02-085959 - This is a log message
2024-04-02 09:00:04,020 - root - INFO - 2024-04-02-090004 - This is a log message
2024-04-02 09:00:09,021 - root - INFO - 2024-04-02-090009 - This is a log message
